---
source: src/test.rs
expression: evaluate_example(path)
input_file: tests/string.nu
---
==== COMPILER ====
0: String (0 to 13)
1: Block(BlockId(0)) (0 to 13)
==== SCOPE ====
0: Frame Scope, variables: [  ], node_id: NodeId(1)

