---
source: src/test.rs
expression: evaluate_example(path)
input_file: tests/record.nu
---
==== COMPILER ====
0: Name (1 to 2)
1: Int (4 to 5)
2: Name (7 to 8)
3: Int (10 to 11)
4: Record { pairs: [(NodeId(0), NodeId(1)), (NodeId(2), NodeId(3))] } (0 to 12)
5: Block(BlockId(0)) (0 to 13)
==== SCOPE ====
0: Frame Scope, variables: [  ], node_id: NodeId(5)

